[WARN]    kls_new_traced_AR_KLS_alloc_handled(): KLS_DEBUG_CORE is not defined. No tracing allowed.
[WARN]    [kls_set_conf()]: KLS_DEBUG_CORE is not defined. Stats may not be collected in full.
[ERROR]    [kls_temp_push_zero_typed()]:  Exceeding max_regions_kls_alloc_basic: {168}.
