[KLS]  Out of memory. size*count [4] was bigger than available-padding [0].
