[KLS]  Doing a zero-count push. size [4] padding [0] available [16240].
