[INFO]    kls_free(): kls->conf.kls_log_fp is stderr. Not closing it.$
